>>> /home/kbianco/gitg-self-host/.venv/bin/python -m pip install --disable-pip-version-check -r /home/kbianco/gitg-self-host/requirements-dev.txt
Requirement already satisfied: Django<6.1,>=6.0.7 in ./.venv/lib/python3.13/site-packages (from -r /home/kbianco/gitg-self-host/requirements.txt (line 1)) (6.0.8)
Requirement already satisfied: gunicorn<24,>=23 in ./.venv/lib/python3.13/site-packages (from -r /home/kbianco/gitg-self-host/requirements.txt (line 2)) (23.0.0)
Requirement already satisfied: jsonschema<5,>=4.25 in ./.venv/lib/python3.13/site-packages (from -r /home/kbianco/gitg-self-host/requirements.txt (line 3)) (4.26.0)
Requirement already satisfied: PyYAML<7,>=6.0.2 in ./.venv/lib/python3.13/site-packages (from -r /home/kbianco/gitg-self-host/requirements.txt (line 4)) (6.0.3)
Requirement already satisfied: whitenoise<7,>=6.9 in ./.venv/lib/python3.13/site-packages (from -r /home/kbianco/gitg-self-host/requirements.txt (line 5)) (6.12.0)
Requirement already satisfied: markdown-it-py<5,>=4 in ./.venv/lib/python3.13/site-packages (from -r /home/kbianco/gitg-self-host/requirements.txt (line 6)) (4.2.0)
Requirement already satisfied: rapidfuzz<4,>=3.14.6 in ./.venv/lib/python3.13/site-packages (from -r /home/kbianco/gitg-self-host/requirements.txt (line 7)) (3.14.6)
Requirement already satisfied: playwright<2,>=1.55 in ./.venv/lib/python3.13/site-packages (from -r /home/kbianco/gitg-self-host/requirements-dev.txt (line 2)) (1.62.0)
Requirement already satisfied: pytest<9,>=8.4 in ./.venv/lib/python3.13/site-packages (from -r /home/kbianco/gitg-self-host/requirements-dev.txt (line 3)) (8.4.2)
Requirement already satisfied: pytest-django<5,>=4.11 in ./.venv/lib/python3.13/site-packages (from -r /home/kbianco/gitg-self-host/requirements-dev.txt (line 4)) (4.14.0)
Requirement already satisfied: pytest-xdist<4,>=3.8 in ./.venv/lib/python3.13/site-packages (from -r /home/kbianco/gitg-self-host/requirements-dev.txt (line 5)) (3.8.0)
Requirement already satisfied: pytest-playwright<1,>=0.7 in ./.venv/lib/python3.13/site-packages (from -r /home/kbianco/gitg-self-host/requirements-dev.txt (line 6)) (0.9.0)
Requirement already satisfied: ruff<1,>=0.12 in ./.venv/lib/python3.13/site-packages (from -r /home/kbianco/gitg-self-host/requirements-dev.txt (line 7)) (0.16.7)
Requirement already satisfied: asgiref>=3.9.1 in ./.venv/lib/python3.13/site-packages (from Django<6.1,>=6.0.7->-r /home/kbianco/gitg-self-host/requirements.txt (line 1)) (3.12.1)
Requirement already satisfied: sqlparse>=0.5.0 in ./.venv/lib/python3.13/site-packages (from Django<6.1,>=6.0.7->-r /home/kbianco/gitg-self-host/requirements.txt (line 1)) (0.6.0)
Requirement already satisfied: packaging in ./.venv/lib/python3.13/site-packages (from gunicorn<24,>=23->-r /home/kbianco/gitg-self-host/requirements.txt (line 2)) (26.3)
Requirement already satisfied: attrs>=22.2.0 in ./.venv/lib/python3.13/site-packages (from jsonschema<5,>=4.25->-r /home/kbianco/gitg-self-host/requirements.txt (line 3)) (26.1.0)
Requirement already satisfied: jsonschema-specifications>=2023.03.6 in ./.venv/lib/python3.13/site-packages (from jsonschema<5,>=4.25->-r /home/kbianco/gitg-self-host/requirements.txt (line 3)) (2025.9.1)
Requirement already satisfied: referencing>=0.28.4 in ./.venv/lib/python3.13/site-packages (from jsonschema<5,>=4.25->-r /home/kbianco/gitg-self-host/requirements.txt (line 3)) (0.37.0)
Requirement already satisfied: rpds-py>=0.25.0 in ./.venv/lib/python3.13/site-packages (from jsonschema<5,>=4.25->-r /home/kbianco/gitg-self-host/requirements.txt (line 3)) (2026.6.3)
Requirement already satisfied: mdurl~=0.1 in ./.venv/lib/python3.13/site-packages (from markdown-it-py<5,>=4->-r /home/kbianco/gitg-self-host/requirements.txt (line 6)) (0.1.2)
Requirement already satisfied: pyee<14,>=13 in ./.venv/lib/python3.13/site-packages (from playwright<2,>=1.55->-r /home/kbianco/gitg-self-host/requirements-dev.txt (line 2)) (13.0.1)
Requirement already satisfied: greenlet<4.0.0,>=3.1.1 in ./.venv/lib/python3.13/site-packages (from playwright<2,>=1.55->-r /home/kbianco/gitg-self-host/requirements-dev.txt (line 2)) (3.5.5)
Requirement already satisfied: iniconfig>=1 in ./.venv/lib/python3.13/site-packages (from pytest<9,>=8.4->-r /home/kbianco/gitg-self-host/requirements-dev.txt (line 3)) (2.3.0)
Requirement already satisfied: pluggy<2,>=1.5 in ./.venv/lib/python3.13/site-packages (from pytest<9,>=8.4->-r /home/kbianco/gitg-self-host/requirements-dev.txt (line 3)) (1.6.0)
Requirement already satisfied: pygments>=2.7.2 in ./.venv/lib/python3.13/site-packages (from pytest<9,>=8.4->-r /home/kbianco/gitg-self-host/requirements-dev.txt (line 3)) (2.21.0)
Requirement already satisfied: execnet>=2.1 in ./.venv/lib/python3.13/site-packages (from pytest-xdist<4,>=3.8->-r /home/kbianco/gitg-self-host/requirements-dev.txt (line 5)) (2.1.2)
Requirement already satisfied: pytest-base-url<3.0.0,>=1.0.0 in ./.venv/lib/python3.13/site-packages (from pytest-playwright<1,>=0.7->-r /home/kbianco/gitg-self-host/requirements-dev.txt (line 6)) (2.1.0)
Requirement already satisfied: python-slugify<9.0.0,>=6.0.0 in ./.venv/lib/python3.13/site-packages (from pytest-playwright<1,>=0.7->-r /home/kbianco/gitg-self-host/requirements-dev.txt (line 6)) (8.0.4)
Requirement already satisfied: typing-extensions in ./.venv/lib/python3.13/site-packages (from pyee<14,>=13->playwright<2,>=1.55->-r /home/kbianco/gitg-self-host/requirements-dev.txt (line 2)) (4.16.0)
Requirement already satisfied: requests>=2.9 in ./.venv/lib/python3.13/site-packages (from pytest-base-url<3.0.0,>=1.0.0->pytest-playwright<1,>=0.7->-r /home/kbianco/gitg-self-host/requirements-dev.txt (line 6)) (2.34.2)
Requirement already satisfied: text-unidecode>=1.3 in ./.venv/lib/python3.13/site-packages (from python-slugify<9.0.0,>=6.0.0->pytest-playwright<1,>=0.7->-r /home/kbianco/gitg-self-host/requirements-dev.txt (line 6)) (1.3)
Requirement already satisfied: charset_normalizer<4,>=2 in ./.venv/lib/python3.13/site-packages (from requests>=2.9->pytest-base-url<3.0.0,>=1.0.0->pytest-playwright<1,>=0.7->-r /home/kbianco/gitg-self-host/requirements-dev.txt (line 6)) (3.5.1)
Requirement already satisfied: idna<4,>=2.5 in ./.venv/lib/python3.13/site-packages (from requests>=2.9->pytest-base-url<3.0.0,>=1.0.0->pytest-playwright<1,>=0.7->-r /home/kbianco/gitg-self-host/requirements-dev.txt (line 6)) (3.19)
Requirement already satisfied: urllib3<3,>=1.26 in ./.venv/lib/python3.13/site-packages (from requests>=2.9->pytest-base-url<3.0.0,>=1.0.0->pytest-playwright<1,>=0.7->-r /home/kbianco/gitg-self-host/requirements-dev.txt (line 6)) (2.7.0)
Requirement already satisfied: certifi>=2023.5.7 in ./.venv/lib/python3.13/site-packages (from requests>=2.9->pytest-base-url<3.0.0,>=1.0.0->pytest-playwright<1,>=0.7->-r /home/kbianco/gitg-self-host/requirements-dev.txt (line 6)) (2026.7.22)
Development environment ready: /home/kbianco/gitg-self-host/.venv/bin/python
