bringing up nodes...
bringing up nodes...

........................................................................ [  3%]
........................................................................ [  7%]
........................................................................ [ 11%]
........................................................................ [ 15%]
........................................................................ [ 18%]
........................................................................ [ 22%]
........................................................................ [ 26%]
........................................................................ [ 30%]
........................................................................ [ 34%]
........................................................................ [ 37%]
........................................................................ [ 41%]
........................................................................ [ 45%]
........................................................................ [ 49%]
........................................................................ [ 52%]
........................................................................ [ 56%]
........................................................................ [ 60%]
........................................................................ [ 64%]
........................................................................ [ 68%]
........................................................................ [ 71%]
........................................................................ [ 75%]
........................................................................ [ 79%]
..........F............................................................. [ 83%]
........................................................................ [ 87%]
........................................................................ [ 90%]
........................................................................ [ 94%]
........................................................................ [ 98%]
..............................                                           [100%]
=================================== FAILURES ===================================
____ test_repository_report_is_current_and_does_not_accept_recovered_drafts ____
[gw2] linux -- Python 3.13.14 /home/kbianco/gitg-self-host/.venv/bin/python

    def test_repository_report_is_current_and_does_not_accept_recovered_drafts():
        actual = reviews.report(ROOT)
        expected = json.loads((ROOT / reviews.QUALITY / "current-report.json").read_text())
>       assert actual == expected
E       AssertionError: assert {'claim_limit...ts': 383, ...} == {'claim_limit...ts': 383, ...}
E         
E         Omitting 5 identical items, use -vv to show
E         Differing items:
E         {'runtime_rewrites_pending': 5} != {'runtime_rewrites_pending': 275}
E         {'tailored_runtime': 378} != {'tailored_runtime': 108}
E         {'rows': {'01.01': {'mechanical_findings': [], 'name': 'Conceptions of flourishing', 'reviews': {'cold_start': {'reaso...2dae070a4e0488ed', 'instruction': '82bfc4af3961f1a848f8d79281adb45144450e5e0d34580a10e967ac031d1e98', ...}, ...}, ...}} != {'rows': {'01.01': {'mechanical_findings': [], 'name': 'Conceptions of flourishing', 'reviews': {'cold_start': {'reaso...40cae461ea2caea4', 'instructio...
E         
E         ...Full output truncated (2 lines hidden), use '-vv' to show

tests/test_m6k_review_evidence.py:447: AssertionError
=========================== short test summary info ============================
FAILED tests/test_m6k_review_evidence.py::test_repository_report_is_current_and_does_not_accept_recovered_drafts
1 failed, 1901 passed in 1912.50s (0:31:52)
